src/components/Skills.tsx(78,53): error TS2339: Property 'icon' does not exist on type 'Skill'.
src/components/Skills.tsx(89,73): error TS2339: Property 'color' does not exist on type 'Skill'.
